["7.9.6","7.9.4","7.9.3","7.9.2","7.9.0","7.8.8","7.8.7","7.8.6","7.8.4","7.8.3","7.8.0","7.7.7","7.7.5","7.7.4","7.7.3","7.7.2","7.7.0","7.6.4","7.6.3","7.6.2","7.6.0","7.5.5","7.5.0","7.4.5","7.4.4","7.4.3","7.4.2","7.4.0","7.3.4","7.3.3","7.3.2","7.3.1","7.3.0","7.2.3","7.2.2","7.2.0","7.1.6","7.1.5","7.1.3","7.1.2","7.1.1","7.1.0","7.0.0","7.0.0-rc.4","7.0.0-rc.3","7.0.0-rc.2","7.0.0-rc.1","7.0.0-rc.0","7.0.0-beta.56","7.0.0-beta.55","7.0.0-beta.54","7.0.0-beta.53","7.0.0-beta.52","7.0.0-beta.51","7.0.0-beta.50","7.0.0-beta.49","7.0.0-beta.48"]