<dl
  class="key-type type- child-type-string line- "
  data-col-start=""
  data-col-end=""
>
  <dt><span class="key">type</span><span class="type"></span></dt>
  <dd class="child">File</dd>
</dl>

<dl
  class="key-start type- child-type-number line- empty"
  data-col-start=""
  data-col-end=""
>
  <dt><span class="key">start</span><span class="type"></span></dt>
  <dd class="child">0</dd>
</dl>

<dl
  class="key-end type- child-type-number line- empty"
  data-col-start=""
  data-col-end=""
>
  <dt><span class="key">end</span><span class="type"></span></dt>
  <dd class="child">17</dd>
</dl>

<dl
  class="key-loc type- child-type-object line- "
  data-col-start=""
  data-col-end=""
>
  <dt><span class="key">loc</span><span class="type"></span></dt>
  <dd class="child"><dl
  class="key-start type- child-type-object line- "
  data-col-start=""
  data-col-end=""
>
  <dt><span class="key">start</span><span class="type"></span></dt>
  <dd class="child"><dl
  class="key-line type- child-type-number line- empty"
  data-col-start=""
  data-col-end=""
>
  <dt><span class="key">line</span><span class="type"></span></dt>
  <dd class="child">1</dd>
</dl>

<dl
  class="key-column type- child-type-number line- empty"
  data-col-start=""
  data-col-end=""
>
  <dt><span class="key">column</span><span class="type"></span></dt>
  <dd class="child">0</dd>
</dl>
</dd>
</dl>

<dl
  class="key-end type- child-type-object line- "
  data-col-start=""
  data-col-end=""
>
  <dt><span class="key">end</span><span class="type"></span></dt>
  <dd class="child"><dl
  class="key-line type- child-type-number line- empty"
  data-col-start=""
  data-col-end=""
>
  <dt><span class="key">line</span><span class="type"></span></dt>
  <dd class="child">1</dd>
</dl>

<dl
  class="key-column type- child-type-number line- empty"
  data-col-start=""
  data-col-end=""
>
  <dt><span class="key">column</span><span class="type"></span></dt>
  <dd class="child">17</dd>
</dl>
</dd>
</dl>
</dd>
</dl>

<dl
  class="key-program type-Program child-type-object line-1 "
  data-col-start="0"
  data-col-end="17"
>
  <dt><span class="key">program</span><span class="type">Program</span></dt>
  <dd class="child"><dl
  class="key-type type- child-type-string line- "
  data-col-start=""
  data-col-end=""
>
  <dt><span class="key">type</span><span class="type"></span></dt>
  <dd class="child">Program</dd>
</dl>

<dl
  class="key-start type- child-type-number line- empty"
  data-col-start=""
  data-col-end=""
>
  <dt><span class="key">start</span><span class="type"></span></dt>
  <dd class="child">0</dd>
</dl>

<dl
  class="key-end type- child-type-number line- empty"
  data-col-start=""
  data-col-end=""
>
  <dt><span class="key">end</span><span class="type"></span></dt>
  <dd class="child">17</dd>
</dl>

<dl
  class="key-loc type- child-type-object line- "
  data-col-start=""
  data-col-end=""
>
  <dt><span class="key">loc</span><span class="type"></span></dt>
  <dd class="child"><dl
  class="key-start type- child-type-object line- "
  data-col-start=""
  data-col-end=""
>
  <dt><span class="key">start</span><span class="type"></span></dt>
  <dd class="child"><dl
  class="key-line type- child-type-number line- empty"
  data-col-start=""
  data-col-end=""
>
  <dt><span class="key">line</span><span class="type"></span></dt>
  <dd class="child">1</dd>
</dl>

<dl
  class="key-column type- child-type-number line- empty"
  data-col-start=""
  data-col-end=""
>
  <dt><span class="key">column</span><span class="type"></span></dt>
  <dd class="child">0</dd>
</dl>
</dd>
</dl>

<dl
  class="key-end type- child-type-object line- "
  data-col-start=""
  data-col-end=""
>
  <dt><span class="key">end</span><span class="type"></span></dt>
  <dd class="child"><dl
  class="key-line type- child-type-number line- empty"
  data-col-start=""
  data-col-end=""
>
  <dt><span class="key">line</span><span class="type"></span></dt>
  <dd class="child">1</dd>
</dl>

<dl
  class="key-column type- child-type-number line- empty"
  data-col-start=""
  data-col-end=""
>
  <dt><span class="key">column</span><span class="type"></span></dt>
  <dd class="child">17</dd>
</dl>
</dd>
</dl>
</dd>
</dl>

<dl
  class="key-sourceType type- child-type-string line- "
  data-col-start=""
  data-col-end=""
>
  <dt><span class="key">sourceType</span><span class="type"></span></dt>
  <dd class="child">module</dd>
</dl>

<dl
  class="key-interpreter type- child-type-null line- empty"
  data-col-start=""
  data-col-end=""
>
  <dt><span class="key">interpreter</span><span class="type"></span></dt>
  <dd class="child">null</dd>
</dl>

<dl
  class="key-body type- child-type-array line- "
  data-col-start=""
  data-col-end=""
>
  <dt><span class="key">body</span><span class="type"></span></dt>
  <dd class="child"><dl
  class="key-0 type-ImportDeclaration child-type-object line-1 "
  data-col-start="0"
  data-col-end="17"
>
  <dt><span class="key">0</span><span class="type">ImportDeclaration</span></dt>
  <dd class="child"><dl
  class="key-type type- child-type-string line- "
  data-col-start=""
  data-col-end=""
>
  <dt><span class="key">type</span><span class="type"></span></dt>
  <dd class="child">ImportDeclaration</dd>
</dl>

<dl
  class="key-start type- child-type-number line- empty"
  data-col-start=""
  data-col-end=""
>
  <dt><span class="key">start</span><span class="type"></span></dt>
  <dd class="child">0</dd>
</dl>

<dl
  class="key-end type- child-type-number line- empty"
  data-col-start=""
  data-col-end=""
>
  <dt><span class="key">end</span><span class="type"></span></dt>
  <dd class="child">17</dd>
</dl>

<dl
  class="key-loc type- child-type-object line- "
  data-col-start=""
  data-col-end=""
>
  <dt><span class="key">loc</span><span class="type"></span></dt>
  <dd class="child"><dl
  class="key-start type- child-type-object line- "
  data-col-start=""
  data-col-end=""
>
  <dt><span class="key">start</span><span class="type"></span></dt>
  <dd class="child"><dl
  class="key-line type- child-type-number line- empty"
  data-col-start=""
  data-col-end=""
>
  <dt><span class="key">line</span><span class="type"></span></dt>
  <dd class="child">1</dd>
</dl>

<dl
  class="key-column type- child-type-number line- empty"
  data-col-start=""
  data-col-end=""
>
  <dt><span class="key">column</span><span class="type"></span></dt>
  <dd class="child">0</dd>
</dl>
</dd>
</dl>

<dl
  class="key-end type- child-type-object line- "
  data-col-start=""
  data-col-end=""
>
  <dt><span class="key">end</span><span class="type"></span></dt>
  <dd class="child"><dl
  class="key-line type- child-type-number line- empty"
  data-col-start=""
  data-col-end=""
>
  <dt><span class="key">line</span><span class="type"></span></dt>
  <dd class="child">1</dd>
</dl>

<dl
  class="key-column type- child-type-number line- empty"
  data-col-start=""
  data-col-end=""
>
  <dt><span class="key">column</span><span class="type"></span></dt>
  <dd class="child">17</dd>
</dl>
</dd>
</dl>
</dd>
</dl>

<dl
  class="key-specifiers type- child-type-array line- "
  data-col-start=""
  data-col-end=""
>
  <dt><span class="key">specifiers</span><span class="type"></span></dt>
  <dd class="child"><dl
  class="key-0 type-ImportDefaultSpecifier child-type-object line-1 "
  data-col-start="7"
  data-col-end="8"
>
  <dt><span class="key">0</span><span class="type">ImportDefaultSpecifier</span></dt>
  <dd class="child"><dl
  class="key-type type- child-type-string line- "
  data-col-start=""
  data-col-end=""
>
  <dt><span class="key">type</span><span class="type"></span></dt>
  <dd class="child">ImportDefaultSpecifier</dd>
</dl>

<dl
  class="key-start type- child-type-number line- empty"
  data-col-start=""
  data-col-end=""
>
  <dt><span class="key">start</span><span class="type"></span></dt>
  <dd class="child">7</dd>
</dl>

<dl
  class="key-end type- child-type-number line- empty"
  data-col-start=""
  data-col-end=""
>
  <dt><span class="key">end</span><span class="type"></span></dt>
  <dd class="child">8</dd>
</dl>

<dl
  class="key-loc type- child-type-object line- "
  data-col-start=""
  data-col-end=""
>
  <dt><span class="key">loc</span><span class="type"></span></dt>
  <dd class="child"><dl
  class="key-start type- child-type-object line- "
  data-col-start=""
  data-col-end=""
>
  <dt><span class="key">start</span><span class="type"></span></dt>
  <dd class="child"><dl
  class="key-line type- child-type-number line- empty"
  data-col-start=""
  data-col-end=""
>
  <dt><span class="key">line</span><span class="type"></span></dt>
  <dd class="child">1</dd>
</dl>

<dl
  class="key-column type- child-type-number line- empty"
  data-col-start=""
  data-col-end=""
>
  <dt><span class="key">column</span><span class="type"></span></dt>
  <dd class="child">7</dd>
</dl>
</dd>
</dl>

<dl
  class="key-end type- child-type-object line- "
  data-col-start=""
  data-col-end=""
>
  <dt><span class="key">end</span><span class="type"></span></dt>
  <dd class="child"><dl
  class="key-line type- child-type-number line- empty"
  data-col-start=""
  data-col-end=""
>
  <dt><span class="key">line</span><span class="type"></span></dt>
  <dd class="child">1</dd>
</dl>

<dl
  class="key-column type- child-type-number line- empty"
  data-col-start=""
  data-col-end=""
>
  <dt><span class="key">column</span><span class="type"></span></dt>
  <dd class="child">8</dd>
</dl>
</dd>
</dl>
</dd>
</dl>

<dl
  class="key-local type-Identifier child-type-object line-1 "
  data-col-start="7"
  data-col-end="8"
>
  <dt><span class="key">local</span><span class="type">Identifier</span></dt>
  <dd class="child"><dl
  class="key-type type- child-type-string line- "
  data-col-start=""
  data-col-end=""
>
  <dt><span class="key">type</span><span class="type"></span></dt>
  <dd class="child">Identifier</dd>
</dl>

<dl
  class="key-start type- child-type-number line- empty"
  data-col-start=""
  data-col-end=""
>
  <dt><span class="key">start</span><span class="type"></span></dt>
  <dd class="child">7</dd>
</dl>

<dl
  class="key-end type- child-type-number line- empty"
  data-col-start=""
  data-col-end=""
>
  <dt><span class="key">end</span><span class="type"></span></dt>
  <dd class="child">8</dd>
</dl>

<dl
  class="key-loc type- child-type-object line- "
  data-col-start=""
  data-col-end=""
>
  <dt><span class="key">loc</span><span class="type"></span></dt>
  <dd class="child"><dl
  class="key-start type- child-type-object line- "
  data-col-start=""
  data-col-end=""
>
  <dt><span class="key">start</span><span class="type"></span></dt>
  <dd class="child"><dl
  class="key-line type- child-type-number line- empty"
  data-col-start=""
  data-col-end=""
>
  <dt><span class="key">line</span><span class="type"></span></dt>
  <dd class="child">1</dd>
</dl>

<dl
  class="key-column type- child-type-number line- empty"
  data-col-start=""
  data-col-end=""
>
  <dt><span class="key">column</span><span class="type"></span></dt>
  <dd class="child">7</dd>
</dl>
</dd>
</dl>

<dl
  class="key-end type- child-type-object line- "
  data-col-start=""
  data-col-end=""
>
  <dt><span class="key">end</span><span class="type"></span></dt>
  <dd class="child"><dl
  class="key-line type- child-type-number line- empty"
  data-col-start=""
  data-col-end=""
>
  <dt><span class="key">line</span><span class="type"></span></dt>
  <dd class="child">1</dd>
</dl>

<dl
  class="key-column type- child-type-number line- empty"
  data-col-start=""
  data-col-end=""
>
  <dt><span class="key">column</span><span class="type"></span></dt>
  <dd class="child">8</dd>
</dl>
</dd>
</dl>

<dl
  class="key-identifierName type- child-type-string line- "
  data-col-start=""
  data-col-end=""
>
  <dt><span class="key">identifierName</span><span class="type"></span></dt>
  <dd class="child">a</dd>
</dl>
</dd>
</dl>

<dl
  class="key-name type- child-type-string line- "
  data-col-start=""
  data-col-end=""
>
  <dt><span class="key">name</span><span class="type"></span></dt>
  <dd class="child">a</dd>
</dl>
</dd>
</dl>
</dd>
</dl>
</dd>
</dl>

<dl
  class="key-source type-StringLiteral child-type-object line-1 "
  data-col-start="14"
  data-col-end="17"
>
  <dt><span class="key">source</span><span class="type">StringLiteral</span></dt>
  <dd class="child"><dl
  class="key-type type- child-type-string line- "
  data-col-start=""
  data-col-end=""
>
  <dt><span class="key">type</span><span class="type"></span></dt>
  <dd class="child">StringLiteral</dd>
</dl>

<dl
  class="key-start type- child-type-number line- empty"
  data-col-start=""
  data-col-end=""
>
  <dt><span class="key">start</span><span class="type"></span></dt>
  <dd class="child">14</dd>
</dl>

<dl
  class="key-end type- child-type-number line- empty"
  data-col-start=""
  data-col-end=""
>
  <dt><span class="key">end</span><span class="type"></span></dt>
  <dd class="child">17</dd>
</dl>

<dl
  class="key-loc type- child-type-object line- "
  data-col-start=""
  data-col-end=""
>
  <dt><span class="key">loc</span><span class="type"></span></dt>
  <dd class="child"><dl
  class="key-start type- child-type-object line- "
  data-col-start=""
  data-col-end=""
>
  <dt><span class="key">start</span><span class="type"></span></dt>
  <dd class="child"><dl
  class="key-line type- child-type-number line- empty"
  data-col-start=""
  data-col-end=""
>
  <dt><span class="key">line</span><span class="type"></span></dt>
  <dd class="child">1</dd>
</dl>

<dl
  class="key-column type- child-type-number line- empty"
  data-col-start=""
  data-col-end=""
>
  <dt><span class="key">column</span><span class="type"></span></dt>
  <dd class="child">14</dd>
</dl>
</dd>
</dl>

<dl
  class="key-end type- child-type-object line- "
  data-col-start=""
  data-col-end=""
>
  <dt><span class="key">end</span><span class="type"></span></dt>
  <dd class="child"><dl
  class="key-line type- child-type-number line- empty"
  data-col-start=""
  data-col-end=""
>
  <dt><span class="key">line</span><span class="type"></span></dt>
  <dd class="child">1</dd>
</dl>

<dl
  class="key-column type- child-type-number line- empty"
  data-col-start=""
  data-col-end=""
>
  <dt><span class="key">column</span><span class="type"></span></dt>
  <dd class="child">17</dd>
</dl>
</dd>
</dl>
</dd>
</dl>

<dl
  class="key-extra type- child-type-object line- "
  data-col-start=""
  data-col-end=""
>
  <dt><span class="key">extra</span><span class="type"></span></dt>
  <dd class="child"><dl
  class="key-rawValue type- child-type-string line- "
  data-col-start=""
  data-col-end=""
>
  <dt><span class="key">rawValue</span><span class="type"></span></dt>
  <dd class="child">a</dd>
</dl>

<dl
  class="key-raw type- child-type-string line- "
  data-col-start=""
  data-col-end=""
>
  <dt><span class="key">raw</span><span class="type"></span></dt>
  <dd class="child">'a'</dd>
</dl>
</dd>
</dl>

<dl
  class="key-value type- child-type-string line- "
  data-col-start=""
  data-col-end=""
>
  <dt><span class="key">value</span><span class="type"></span></dt>
  <dd class="child">a</dd>
</dl>
</dd>
</dl>
</dd>
</dl>
</dd>
</dl>

<dl
  class="key-directives type- child-type-array line- empty"
  data-col-start=""
  data-col-end=""
>
  <dt><span class="key">directives</span><span class="type"></span></dt>
  <dd class="child"></dd>
</dl>
</dd>
</dl>

<dl
  class="key-comments type- child-type-array line- empty"
  data-col-start=""
  data-col-end=""
>
  <dt><span class="key">comments</span><span class="type"></span></dt>
  <dd class="child"></dd>
</dl>
