<html>
  <header>
    <title>Babel AST Explorer</title>
    <style>
      :root {
        --color-ast-default: #222222;
        --color-ast-primary: #ac6c3b;
        --color-ast-secondary: #0c53a3;
        --color-ast-string: #77282d;
        --color-ast-number: #279494;
        --color-complementry: #ccc;
        --color-panel: rgba(75, 106, 245, 0.1);

        --gap: 0.5em;
      }

      body {
        font-family: Roboto, Helvetica, Arial;
      }

      li {
        list-style: none;
      }

      aside {
        position: fixed;
        top: 0;
        bottom: 0;
        right: 0;
        min-width: 120px;
        width: 30%;
        padding: 30px 20px;
        background: var(--color-panel);
        overflow-x: hidden;
        overflow-y: auto;
      }

      #ast {
        color: var(--color-ast-default);
        font-family: Courier, Calibri, Perpetua;
      }
      .type {
        color: var(--color-ast-primary);
      }
      .type::after {
        content: ' ';
      }
      .key {
        color: var(--color-ast-secondary);
      }
      .key::after {
        content: ': ';
      }
      .child-type-string .child {
        color: var(--color-ast-string);
      }
      .child-type-string > .child::before,
      .child-type-string > .child::after {
        content: '"';
      }
      .child-type-number .child {
        color: var(--color-ast-number);
      }

      dl,
      dd,
      dt {
        margin: 0;
        padding: 0;
      }
      dl dl {
        margin: 0 0 0 1em;
      }
      .child dt {
        cursor: pointer;
      }
      .child-type-object > dt::before,
      .child-type-array > dt::before {
        display: inline-block;
        color: var(--color-complementry);
        content: '-';
        border: 1px solid var(--color-complementry);
        line-height: 0.6em;
        margin: 0 var(--gap) 0 0;
      }
      dl.type- > dt::before {
        content: none;
      }

      dl.collapse > * {
        display: inline-block;
      }
      dl.collapse > dt::before {
        content: '+';
      }
      dl.collapse > dd {
        margin-left: var(--gap);
        margin-right: var(--gap);
      }
      dl.collapse > dd::after {
        color: var(--color-ast-primary);
        content: '...';
      }
      dl.collapse > dd > dl {
        display: none;
      }

      dl dl::after {
        content: ',';
      }
      dl dl:last-child::after {
        content: none;
      }

      dl.child-type-object > dt::after {
        content: ' {';
      }
      dl.child-type-object::after {
        content: '},';
      }
      dl.child-type-object:last-child::after {
        content: '}';
      }

      dl.child-type-array > dd > dl > dt .key {
        display: none;
      }
      dl.child-type-array > dt::after {
        content: ' [';
      }
      dl.child-type-array::after {
        content: '],';
      }
      dl.child-type-array:last-child::after {
        content: ']';
      }

      .child dl:not(.child-type-array):not(.child-type-object) > * {
        display: inline-block;
      }

      .no-loc .key-loc,
      .no-loc .key-start,
      .no-loc .key-end,
      .no-type .key-type,
      .no-empty .empty {
        display: none;
      }

      #options label,
      #plugins label {
        display: block;
        margin: 0 0.2em;
      }
    </style>
  </header>
  <body>
    <div id="page" class="no-loc no-type no-empty">
      <dl id="ast">
        <dt>{</dt>
        <dd class="child"><dl
  class="key-type type- child-type-string line- "
  data-col-start=""
  data-col-end=""
>
  <dt><span class="key">type</span><span class="type"></span></dt>
  <dd class="child">File</dd>
</dl>

<dl
  class="key-start type- child-type-number line- empty"
  data-col-start=""
  data-col-end=""
>
  <dt><span class="key">start</span><span class="type"></span></dt>
  <dd class="child">0</dd>
</dl>

<dl
  class="key-end type- child-type-number line- empty"
  data-col-start=""
  data-col-end=""
>
  <dt><span class="key">end</span><span class="type"></span></dt>
  <dd class="child">24</dd>
</dl>

<dl
  class="key-loc type- child-type-object line- "
  data-col-start=""
  data-col-end=""
>
  <dt><span class="key">loc</span><span class="type"></span></dt>
  <dd class="child"><dl
  class="key-start type- child-type-object line- "
  data-col-start=""
  data-col-end=""
>
  <dt><span class="key">start</span><span class="type"></span></dt>
  <dd class="child"><dl
  class="key-line type- child-type-number line- empty"
  data-col-start=""
  data-col-end=""
>
  <dt><span class="key">line</span><span class="type"></span></dt>
  <dd class="child">1</dd>
</dl>

<dl
  class="key-column type- child-type-number line- empty"
  data-col-start=""
  data-col-end=""
>
  <dt><span class="key">column</span><span class="type"></span></dt>
  <dd class="child">0</dd>
</dl>
</dd>
</dl>

<dl
  class="key-end type- child-type-object line- "
  data-col-start=""
  data-col-end=""
>
  <dt><span class="key">end</span><span class="type"></span></dt>
  <dd class="child"><dl
  class="key-line type- child-type-number line- empty"
  data-col-start=""
  data-col-end=""
>
  <dt><span class="key">line</span><span class="type"></span></dt>
  <dd class="child">1</dd>
</dl>

<dl
  class="key-column type- child-type-number line- empty"
  data-col-start=""
  data-col-end=""
>
  <dt><span class="key">column</span><span class="type"></span></dt>
  <dd class="child">24</dd>
</dl>
</dd>
</dl>
</dd>
</dl>

<dl
  class="key-errors type- child-type-array line- empty"
  data-col-start=""
  data-col-end=""
>
  <dt><span class="key">errors</span><span class="type"></span></dt>
  <dd class="child"></dd>
</dl>

<dl
  class="key-program type-Program child-type-object line-1 "
  data-col-start="0"
  data-col-end="24"
>
  <dt><span class="key">program</span><span class="type">Program</span></dt>
  <dd class="child"><dl
  class="key-type type- child-type-string line- "
  data-col-start=""
  data-col-end=""
>
  <dt><span class="key">type</span><span class="type"></span></dt>
  <dd class="child">Program</dd>
</dl>

<dl
  class="key-start type- child-type-number line- empty"
  data-col-start=""
  data-col-end=""
>
  <dt><span class="key">start</span><span class="type"></span></dt>
  <dd class="child">0</dd>
</dl>

<dl
  class="key-end type- child-type-number line- empty"
  data-col-start=""
  data-col-end=""
>
  <dt><span class="key">end</span><span class="type"></span></dt>
  <dd class="child">24</dd>
</dl>

<dl
  class="key-loc type- child-type-object line- "
  data-col-start=""
  data-col-end=""
>
  <dt><span class="key">loc</span><span class="type"></span></dt>
  <dd class="child"><dl
  class="key-start type- child-type-object line- "
  data-col-start=""
  data-col-end=""
>
  <dt><span class="key">start</span><span class="type"></span></dt>
  <dd class="child"><dl
  class="key-line type- child-type-number line- empty"
  data-col-start=""
  data-col-end=""
>
  <dt><span class="key">line</span><span class="type"></span></dt>
  <dd class="child">1</dd>
</dl>

<dl
  class="key-column type- child-type-number line- empty"
  data-col-start=""
  data-col-end=""
>
  <dt><span class="key">column</span><span class="type"></span></dt>
  <dd class="child">0</dd>
</dl>
</dd>
</dl>

<dl
  class="key-end type- child-type-object line- "
  data-col-start=""
  data-col-end=""
>
  <dt><span class="key">end</span><span class="type"></span></dt>
  <dd class="child"><dl
  class="key-line type- child-type-number line- empty"
  data-col-start=""
  data-col-end=""
>
  <dt><span class="key">line</span><span class="type"></span></dt>
  <dd class="child">1</dd>
</dl>

<dl
  class="key-column type- child-type-number line- empty"
  data-col-start=""
  data-col-end=""
>
  <dt><span class="key">column</span><span class="type"></span></dt>
  <dd class="child">24</dd>
</dl>
</dd>
</dl>
</dd>
</dl>

<dl
  class="key-sourceType type- child-type-string line- "
  data-col-start=""
  data-col-end=""
>
  <dt><span class="key">sourceType</span><span class="type"></span></dt>
  <dd class="child">module</dd>
</dl>

<dl
  class="key-interpreter type- child-type-null line- empty"
  data-col-start=""
  data-col-end=""
>
  <dt><span class="key">interpreter</span><span class="type"></span></dt>
  <dd class="child">null</dd>
</dl>

<dl
  class="key-body type- child-type-array line- "
  data-col-start=""
  data-col-end=""
>
  <dt><span class="key">body</span><span class="type"></span></dt>
  <dd class="child"><dl
  class="key-0 type-ImportDeclaration child-type-object line-1 "
  data-col-start="0"
  data-col-end="24"
>
  <dt><span class="key">0</span><span class="type">ImportDeclaration</span></dt>
  <dd class="child"><dl
  class="key-type type- child-type-string line- "
  data-col-start=""
  data-col-end=""
>
  <dt><span class="key">type</span><span class="type"></span></dt>
  <dd class="child">ImportDeclaration</dd>
</dl>

<dl
  class="key-start type- child-type-number line- empty"
  data-col-start=""
  data-col-end=""
>
  <dt><span class="key">start</span><span class="type"></span></dt>
  <dd class="child">0</dd>
</dl>

<dl
  class="key-end type- child-type-number line- empty"
  data-col-start=""
  data-col-end=""
>
  <dt><span class="key">end</span><span class="type"></span></dt>
  <dd class="child">24</dd>
</dl>

<dl
  class="key-loc type- child-type-object line- "
  data-col-start=""
  data-col-end=""
>
  <dt><span class="key">loc</span><span class="type"></span></dt>
  <dd class="child"><dl
  class="key-start type- child-type-object line- "
  data-col-start=""
  data-col-end=""
>
  <dt><span class="key">start</span><span class="type"></span></dt>
  <dd class="child"><dl
  class="key-line type- child-type-number line- empty"
  data-col-start=""
  data-col-end=""
>
  <dt><span class="key">line</span><span class="type"></span></dt>
  <dd class="child">1</dd>
</dl>

<dl
  class="key-column type- child-type-number line- empty"
  data-col-start=""
  data-col-end=""
>
  <dt><span class="key">column</span><span class="type"></span></dt>
  <dd class="child">0</dd>
</dl>
</dd>
</dl>

<dl
  class="key-end type- child-type-object line- "
  data-col-start=""
  data-col-end=""
>
  <dt><span class="key">end</span><span class="type"></span></dt>
  <dd class="child"><dl
  class="key-line type- child-type-number line- empty"
  data-col-start=""
  data-col-end=""
>
  <dt><span class="key">line</span><span class="type"></span></dt>
  <dd class="child">1</dd>
</dl>

<dl
  class="key-column type- child-type-number line- empty"
  data-col-start=""
  data-col-end=""
>
  <dt><span class="key">column</span><span class="type"></span></dt>
  <dd class="child">24</dd>
</dl>
</dd>
</dl>
</dd>
</dl>

<dl
  class="key-specifiers type- child-type-array line- "
  data-col-start=""
  data-col-end=""
>
  <dt><span class="key">specifiers</span><span class="type"></span></dt>
  <dd class="child"><dl
  class="key-0 type-ImportDefaultSpecifier child-type-object line-1 "
  data-col-start="7"
  data-col-end="8"
>
  <dt><span class="key">0</span><span class="type">ImportDefaultSpecifier</span></dt>
  <dd class="child"><dl
  class="key-type type- child-type-string line- "
  data-col-start=""
  data-col-end=""
>
  <dt><span class="key">type</span><span class="type"></span></dt>
  <dd class="child">ImportDefaultSpecifier</dd>
</dl>

<dl
  class="key-start type- child-type-number line- empty"
  data-col-start=""
  data-col-end=""
>
  <dt><span class="key">start</span><span class="type"></span></dt>
  <dd class="child">7</dd>
</dl>

<dl
  class="key-end type- child-type-number line- empty"
  data-col-start=""
  data-col-end=""
>
  <dt><span class="key">end</span><span class="type"></span></dt>
  <dd class="child">8</dd>
</dl>

<dl
  class="key-loc type- child-type-object line- "
  data-col-start=""
  data-col-end=""
>
  <dt><span class="key">loc</span><span class="type"></span></dt>
  <dd class="child"><dl
  class="key-start type- child-type-object line- "
  data-col-start=""
  data-col-end=""
>
  <dt><span class="key">start</span><span class="type"></span></dt>
  <dd class="child"><dl
  class="key-line type- child-type-number line- empty"
  data-col-start=""
  data-col-end=""
>
  <dt><span class="key">line</span><span class="type"></span></dt>
  <dd class="child">1</dd>
</dl>

<dl
  class="key-column type- child-type-number line- empty"
  data-col-start=""
  data-col-end=""
>
  <dt><span class="key">column</span><span class="type"></span></dt>
  <dd class="child">7</dd>
</dl>
</dd>
</dl>

<dl
  class="key-end type- child-type-object line- "
  data-col-start=""
  data-col-end=""
>
  <dt><span class="key">end</span><span class="type"></span></dt>
  <dd class="child"><dl
  class="key-line type- child-type-number line- empty"
  data-col-start=""
  data-col-end=""
>
  <dt><span class="key">line</span><span class="type"></span></dt>
  <dd class="child">1</dd>
</dl>

<dl
  class="key-column type- child-type-number line- empty"
  data-col-start=""
  data-col-end=""
>
  <dt><span class="key">column</span><span class="type"></span></dt>
  <dd class="child">8</dd>
</dl>
</dd>
</dl>
</dd>
</dl>

<dl
  class="key-local type-Identifier child-type-object line-1 "
  data-col-start="7"
  data-col-end="8"
>
  <dt><span class="key">local</span><span class="type">Identifier</span></dt>
  <dd class="child"><dl
  class="key-type type- child-type-string line- "
  data-col-start=""
  data-col-end=""
>
  <dt><span class="key">type</span><span class="type"></span></dt>
  <dd class="child">Identifier</dd>
</dl>

<dl
  class="key-start type- child-type-number line- empty"
  data-col-start=""
  data-col-end=""
>
  <dt><span class="key">start</span><span class="type"></span></dt>
  <dd class="child">7</dd>
</dl>

<dl
  class="key-end type- child-type-number line- empty"
  data-col-start=""
  data-col-end=""
>
  <dt><span class="key">end</span><span class="type"></span></dt>
  <dd class="child">8</dd>
</dl>

<dl
  class="key-loc type- child-type-object line- "
  data-col-start=""
  data-col-end=""
>
  <dt><span class="key">loc</span><span class="type"></span></dt>
  <dd class="child"><dl
  class="key-start type- child-type-object line- "
  data-col-start=""
  data-col-end=""
>
  <dt><span class="key">start</span><span class="type"></span></dt>
  <dd class="child"><dl
  class="key-line type- child-type-number line- empty"
  data-col-start=""
  data-col-end=""
>
  <dt><span class="key">line</span><span class="type"></span></dt>
  <dd class="child">1</dd>
</dl>

<dl
  class="key-column type- child-type-number line- empty"
  data-col-start=""
  data-col-end=""
>
  <dt><span class="key">column</span><span class="type"></span></dt>
  <dd class="child">7</dd>
</dl>
</dd>
</dl>

<dl
  class="key-end type- child-type-object line- "
  data-col-start=""
  data-col-end=""
>
  <dt><span class="key">end</span><span class="type"></span></dt>
  <dd class="child"><dl
  class="key-line type- child-type-number line- empty"
  data-col-start=""
  data-col-end=""
>
  <dt><span class="key">line</span><span class="type"></span></dt>
  <dd class="child">1</dd>
</dl>

<dl
  class="key-column type- child-type-number line- empty"
  data-col-start=""
  data-col-end=""
>
  <dt><span class="key">column</span><span class="type"></span></dt>
  <dd class="child">8</dd>
</dl>
</dd>
</dl>

<dl
  class="key-identifierName type- child-type-string line- "
  data-col-start=""
  data-col-end=""
>
  <dt><span class="key">identifierName</span><span class="type"></span></dt>
  <dd class="child">a</dd>
</dl>
</dd>
</dl>

<dl
  class="key-name type- child-type-string line- "
  data-col-start=""
  data-col-end=""
>
  <dt><span class="key">name</span><span class="type"></span></dt>
  <dd class="child">a</dd>
</dl>
</dd>
</dl>
</dd>
</dl>
</dd>
</dl>

<dl
  class="key-source type-StringLiteral child-type-object line-1 "
  data-col-start="14"
  data-col-end="24"
>
  <dt><span class="key">source</span><span class="type">StringLiteral</span></dt>
  <dd class="child"><dl
  class="key-type type- child-type-string line- "
  data-col-start=""
  data-col-end=""
>
  <dt><span class="key">type</span><span class="type"></span></dt>
  <dd class="child">StringLiteral</dd>
</dl>

<dl
  class="key-start type- child-type-number line- empty"
  data-col-start=""
  data-col-end=""
>
  <dt><span class="key">start</span><span class="type"></span></dt>
  <dd class="child">14</dd>
</dl>

<dl
  class="key-end type- child-type-number line- empty"
  data-col-start=""
  data-col-end=""
>
  <dt><span class="key">end</span><span class="type"></span></dt>
  <dd class="child">24</dd>
</dl>

<dl
  class="key-loc type- child-type-object line- "
  data-col-start=""
  data-col-end=""
>
  <dt><span class="key">loc</span><span class="type"></span></dt>
  <dd class="child"><dl
  class="key-start type- child-type-object line- "
  data-col-start=""
  data-col-end=""
>
  <dt><span class="key">start</span><span class="type"></span></dt>
  <dd class="child"><dl
  class="key-line type- child-type-number line- empty"
  data-col-start=""
  data-col-end=""
>
  <dt><span class="key">line</span><span class="type"></span></dt>
  <dd class="child">1</dd>
</dl>

<dl
  class="key-column type- child-type-number line- empty"
  data-col-start=""
  data-col-end=""
>
  <dt><span class="key">column</span><span class="type"></span></dt>
  <dd class="child">14</dd>
</dl>
</dd>
</dl>

<dl
  class="key-end type- child-type-object line- "
  data-col-start=""
  data-col-end=""
>
  <dt><span class="key">end</span><span class="type"></span></dt>
  <dd class="child"><dl
  class="key-line type- child-type-number line- empty"
  data-col-start=""
  data-col-end=""
>
  <dt><span class="key">line</span><span class="type"></span></dt>
  <dd class="child">1</dd>
</dl>

<dl
  class="key-column type- child-type-number line- empty"
  data-col-start=""
  data-col-end=""
>
  <dt><span class="key">column</span><span class="type"></span></dt>
  <dd class="child">24</dd>
</dl>
</dd>
</dl>
</dd>
</dl>

<dl
  class="key-extra type- child-type-object line- "
  data-col-start=""
  data-col-end=""
>
  <dt><span class="key">extra</span><span class="type"></span></dt>
  <dd class="child"><dl
  class="key-rawValue type- child-type-string line- "
  data-col-start=""
  data-col-end=""
>
  <dt><span class="key">rawValue</span><span class="type"></span></dt>
  <dd class="child">module_a</dd>
</dl>

<dl
  class="key-raw type- child-type-string line- "
  data-col-start=""
  data-col-end=""
>
  <dt><span class="key">raw</span><span class="type"></span></dt>
  <dd class="child">"module_a"</dd>
</dl>
</dd>
</dl>

<dl
  class="key-value type- child-type-string line- "
  data-col-start=""
  data-col-end=""
>
  <dt><span class="key">value</span><span class="type"></span></dt>
  <dd class="child">module_a</dd>
</dl>
</dd>
</dl>
</dd>
</dl>
</dd>
</dl>

<dl
  class="key-directives type- child-type-array line- empty"
  data-col-start=""
  data-col-end=""
>
  <dt><span class="key">directives</span><span class="type"></span></dt>
  <dd class="child"></dd>
</dl>
</dd>
</dl>

<dl
  class="key-comments type- child-type-array line- empty"
  data-col-start=""
  data-col-end=""
>
  <dt><span class="key">comments</span><span class="type"></span></dt>
  <dd class="child"></dd>
</dl>
</dd>
        <dd>}</dd>
      </dl>
      <aside>
        <div id="versions">
          <label>
            <em>@babel/parser</em> version:
            <select value="undefined">
              
            </select>
          </label>
        </div>
        <h2>Options</h2>
        <div id="options">
          <label>
  <input
    type="checkbox"
    value="no-empty"
    checked
    onchange="option('no-empty')"
  />
  Hide empty
</label>

<label>
  <input
    type="checkbox"
    value="no-loc"
    checked
    onchange="option('no-loc')"
  />
  Hide location
</label>

<label>
  <input
    type="checkbox"
    value="no-type"
    checked
    onchange="option('no-type')"
  />
  Hide types
</label>

        </div>
        <h2>Plugins</h2>
        <div id="plugins">
          <label>
  <input
    type="checkbox"
    value="jsx"
    
    onchange="option('jsx')"
  />
  jsx
</label>

<label>
  <input
    type="checkbox"
    value="flow"
    
    onchange="option('flow')"
  />
  flow
</label>

<label>
  <input
    type="checkbox"
    value="typescript"
    
    onchange="option('typescript')"
  />
  typescript
</label>

<label>
  <input
    type="checkbox"
    value="bigInt"
    
    onchange="option('bigInt')"
  />
  bigInt
</label>

<label>
  <input
    type="checkbox"
    value="classProperties"
    
    onchange="option('classProperties')"
  />
  classProperties
</label>

<label>
  <input
    type="checkbox"
    value="classPrivateProperties"
    
    onchange="option('classPrivateProperties')"
  />
  classPrivateProperties
</label>

<label>
  <input
    type="checkbox"
    value="classPrivateMethods"
    
    onchange="option('classPrivateMethods')"
  />
  classPrivateMethods
</label>

<label>
  <input
    type="checkbox"
    value="decorators - legacy"
    
    onchange="option('decorators - legacy')"
  />
  decorators - legacy
</label>

<label>
  <input
    type="checkbox"
    value="decoratorsBeforeExport"
    
    onchange="option('decoratorsBeforeExport')"
  />
  decoratorsBeforeExport
</label>

<label>
  <input
    type="checkbox"
    value="decorators"
    
    onchange="option('decorators')"
  />
  decorators
</label>

<label>
  <input
    type="checkbox"
    value="decoratorsBeforeExport"
    
    onchange="option('decoratorsBeforeExport')"
  />
  decoratorsBeforeExport
</label>

<label>
  <input
    type="checkbox"
    value="doExpressions"
    
    onchange="option('doExpressions')"
  />
  doExpressions
</label>

<label>
  <input
    type="checkbox"
    value="dynamicImport"
    
    onchange="option('dynamicImport')"
  />
  dynamicImport
</label>

<label>
  <input
    type="checkbox"
    value="exportDefaultFrom"
    
    onchange="option('exportDefaultFrom')"
  />
  exportDefaultFrom
</label>

<label>
  <input
    type="checkbox"
    value="nullishCoalescingOperator"
    
    onchange="option('nullishCoalescingOperator')"
  />
  nullishCoalescingOperator
</label>

<label>
  <input
    type="checkbox"
    value="numericSeparator"
    
    onchange="option('numericSeparator')"
  />
  numericSeparator
</label>

<label>
  <input
    type="checkbox"
    value="objectRestSpread"
    
    onchange="option('objectRestSpread')"
  />
  objectRestSpread
</label>

<label>
  <input
    type="checkbox"
    value="optionalChaining"
    
    onchange="option('optionalChaining')"
  />
  optionalChaining
</label>

<label>
  <input
    type="checkbox"
    value="optionalCatchBinding"
    
    onchange="option('optionalCatchBinding')"
  />
  optionalCatchBinding
</label>

<label>
  <input
    type="checkbox"
    value="partialApplication"
    
    onchange="option('partialApplication')"
  />
  partialApplication
</label>

<label>
  <input
    type="checkbox"
    value="pipelineOperator"
    
    onchange="option('pipelineOperator')"
  />
  pipelineOperator
</label>

<label>
  <input
    type="checkbox"
    value="throwExpressions"
    
    onchange="option('throwExpressions')"
  />
  throwExpressions
</label>

        </div>
      </aside>
    </div>

    <script>
      function toggleClass(el, classname) {
        var classList = el.classList;
        if (classList.contains(classname)) {
          classList.remove(classname);
        } else {
          classList.add(classname);
        }
      }
      window.option = function(value) {
        toggleClass(document.getElementById('page'), value);
      };
      window.onload = function() {
        var COLLAPSE_CLASS = 'collapse';
        var els = document.querySelectorAll(
          '.child-type-object>dt,.child-type-array>dt'
        );
        for (let el of els) {
          el.addEventListener('click', function(e) {
            toggleClass(e.target.parentElement.parentElement, COLLAPSE_CLASS);
          });
        }
      };
    </script>
  </body>
</html>
